// Jest Snapshot v1, https://goo.gl/fbAQLP

exports[`List Matches snapshot 1`] = `
<div>
  <div
    class="list-container"
  >
    <div
      class="my-3"
    >
      <form
        class=""
      >
        <div
          class="row"
        >
          <div
            class="col"
          >
            <input
              class="form-control"
              placeholder="Senator/Representative name"
            />
          </div>
          <div
            class="col"
          >
            <select
              class="form-select"
            >
              <option
                value="0"
              >
                Select party
              </option>
              <option
                value="R"
              >
                R
              </option>
              <option
                value="D"
              >
                D
              </option>
            </select>
          </div>
          <div
            class="col"
          >
            <select
              class="form-select"
            >
              <option
                value="0"
              >
                Select gender
              </option>
              <option
                value="M"
              >
                M
              </option>
              <option
                value="F"
              >
                F
              </option>
            </select>
          </div>
          <div
            class="col-sm-1"
          >
            <button
              class="btn btn-primary"
              type="reset"
            >
              Clear
            </button>
          </div>
        </div>
      </form>
      <div
        class="mt-3 row"
      >
        <div
          class="col-sm-2"
        >
          <select
            class="form-select"
          >
            <option
              value="senate"
            >
              senate
            </option>
            <option
              value="house"
            >
              house
            </option>
          </select>
        </div>
        <div
          class="col-sm-2"
        >
          <select
            class="form-select"
          >
            <option
              value="80"
            >
              80
            </option>
            <option
              value="81"
            >
              81
            </option>
            <option
              value="82"
            >
              82
            </option>
            <option
              value="83"
            >
              83
            </option>
            <option
              value="84"
            >
              84
            </option>
            <option
              value="85"
            >
              85
            </option>
            <option
              value="86"
            >
              86
            </option>
            <option
              value="87"
            >
              87
            </option>
            <option
              value="88"
            >
              88
            </option>
            <option
              value="89"
            >
              89
            </option>
            <option
              value="90"
            >
              90
            </option>
            <option
              value="91"
            >
              91
            </option>
            <option
              value="92"
            >
              92
            </option>
            <option
              value="93"
            >
              93
            </option>
            <option
              value="94"
            >
              94
            </option>
            <option
              value="95"
            >
              95
            </option>
            <option
              value="96"
            >
              96
            </option>
            <option
              value="97"
            >
              97
            </option>
            <option
              value="98"
            >
              98
            </option>
            <option
              value="99"
            >
              99
            </option>
            <option
              value="100"
            >
              100
            </option>
            <option
              value="101"
            >
              101
            </option>
            <option
              value="102"
            >
              102
            </option>
            <option
              value="103"
            >
              103
            </option>
            <option
              value="104"
            >
              104
            </option>
            <option
              value="105"
            >
              105
            </option>
            <option
              value="106"
            >
              106
            </option>
            <option
              value="107"
            >
              107
            </option>
            <option
              value="108"
            >
              108
            </option>
            <option
              value="109"
            >
              109
            </option>
            <option
              value="110"
            >
              110
            </option>
            <option
              value="111"
            >
              111
            </option>
            <option
              value="112"
            >
              112
            </option>
            <option
              value="113"
            >
              113
            </option>
            <option
              value="114"
            >
              114
            </option>
            <option
              value="115"
            >
              115
            </option>
            <option
              value="116"
            >
              116
            </option>
            <option
              value="117"
            >
              117
            </option>
          </select>
        </div>
      </div>
    </div>
    <div
      class="row"
    >
      <div
        class="col"
      >
        <ul
          class="pagination"
        >
          <li
            class="page-item"
          >
            <a
              class="page-link"
              href="#"
              role="button"
            >
              <span
                aria-hidden="true"
              >
                «
              </span>
              <span
                class="visually-hidden"
              >
                First
              </span>
            </a>
          </li>
          <li
            class="page-item"
          >
            <a
              class="page-link"
              href="#"
              role="button"
            >
              <span
                aria-hidden="true"
              >
                ‹
              </span>
              <span
                class="visually-hidden"
              >
                Previous
              </span>
            </a>
          </li>
          <li
            class="page-item"
          >
            <a
              class="page-link"
              href="#"
              role="button"
            >
              <span
                aria-hidden="true"
              >
                ›
              </span>
              <span
                class="visually-hidden"
              >
                Next
              </span>
            </a>
          </li>
          <li
            class="page-item"
          >
            <a
              class="page-link"
              href="#"
              role="button"
            >
              <span
                aria-hidden="true"
              >
                »
              </span>
              <span
                class="visually-hidden"
              >
                Last
              </span>
            </a>
          </li>
        </ul>
      </div>
      <div
        class="col-sm-1"
      >
        <select
          class="form-select"
        >
          <option>
            Select members per page
          </option>
          <option
            value="10"
          >
            10
          </option>
          <option
            value="20"
          >
            20
          </option>
          <option
            value="30"
          >
            30
          </option>
        </select>
      </div>
    </div>
    <table
      class="table table-striped table-bordered table-hover"
    >
      <thead>
        <tr>
          <th>
            #
          </th>
          <th>
            Name
          </th>
          <th>
            Twitter
          </th>
          <th>
            Facebook
          </th>
          <th>
            Youtube
          </th>
          <th>
            Party
          </th>
          <th>
            District/State
          </th>
          <th>
            Next Election
          </th>
          <th>
            Details
          </th>
        </tr>
      </thead>
      <tbody />
    </table>
  </div>
</div>
`;
